// Jest Snapshot v1, https://goo.gl/fbAQLP

exports[`<Card /> component should renders correctly 1`] = `
<div
  className="container"
/>
`;
