// Jest Snapshot v1, https://goo.gl/fbAQLP

exports[`<SnackBar /> component should renders correctly 1`] = `
<div
  className="snackbar"
>
  Test
</div>
`;
